******************************************************************************
               TMS320C6x Linker PC v8.2.2                      
******************************************************************************
>> Linked Mon Aug 27 14:00:29 2018

OUTPUT FILE NAME:   <NIMU_emacExample_lcdkOMAPL138C674xBiosExampleProject.out>
ENTRY POINT SYMBOL: "_c_int00"  address: c308e960


MEMORY CONFIGURATION

         name            origin    length      used     unused   attr    fill
----------------------  --------  ---------  --------  --------  ----  --------
  IROM                  11700000   00100000  00000000  00100000  R  X
  IRAM                  11800000   00040000  00000000  00040000  RW X
  L3_CBA_RAM            80000000   00020000  00000000  00020000  RW X
  DDR                   c3000000   01000000  000c9aa2  00f3655e  RWIX


SEGMENT ALLOCATION MAP

run origin  load origin   length   init length attrs members
----------  ----------- ---------- ----------- ----- -------
c3000000    c3000000    00052b00   00000000    rw-
  c3000000    c3000000    00052b00   00000000    rw- .far:NDK_PACKETMEM
c3052b00    c3052b00    00048240   00048240    r-x
  c3052b00    c3052b00    00048240   00048240    r-x .text
c309ad40    c309ad40    00020f50   00000000    rw-
  c309ad40    c309ad40    00018f4c   00000000    rw- .far
  c30b3c90    c30b3c90    00008000   00000000    rw- systemHeap
c30bbc90    c30bbc90    00005516   00005516    r--
  c30bbc90    c30bbc90    00005516   00005516    r-- .const
c30c11a8    c30c11a8    00006f38   00000000    rw-
  c30c11a8    c30c11a8    00003c00   00000000    rw- .far:taskStackSection
  c30c4da8    c30c4da8    00002334   00000000    rw- .fardata
  c30c70e0    c30c70e0    00001000   00000000    rw- .stack
c30c80e0    c30c80e0    00000484   00000484    r--
  c30c80e0    c30c80e0    00000484   00000484    r-- .switch
c30c8564    c30c8564    00000228   00000000    rw-
  c30c8564    c30c8564    00000064   00000000    rw- .bss
  c30c85c8    c30c85c8    000001c4   00000000    rw- .neardata
c30c878c    c30c878c    0000003c   00000000    r--
  c30c878c    c30c878c    0000003c   00000000    r-- .rodata
c30c8800    c30c8800    00000200   00000200    r-x
  c30c8800    c30c8800    00000200   00000200    r-x .vecs
c30c8a00    c30c8a00    000002b8   00000000    rw-
  c30c8a00    c30c8a00    00000194   00000000    rw- emacComm
  c30c8b98    c30c8b98    00000120   00000000    rw- .cio
c30c8cb8    c30c8cb8    00000e30   00000e30    r--
  c30c8cb8    c30c8cb8    00000e30   00000e30    r-- .cinit


SECTION ALLOCATION MAP

 output                                  attributes/
section   page    origin      length       input sections
--------  ----  ----------  ----------   ----------------
.stack     0    c30c70e0    00001000     UNINITIALIZED
                  c30c70e0    00000008     boot.ae674 : boot.oe674 (.stack)
                  c30c70e8    00000ff8     --HOLE--

.bss       0    c30c8564    00000064     UNINITIALIZED
                  c30c8564    00000018     hal_timer_bios.ae674 : lltimer.oe674 (.bss)
                  c30c857c    00000008     netctrl.ae674 : netctrl.oe674 (.bss)
                  c30c8584    00000008     nettool.ae674 : daemon.oe674 (.bss)
                  c30c858c    00000008     stk6_ppp_pppoe.ae674 : ip.oe674 (.bss)
                  c30c8594    00000008                          : nimupppoe.oe674 (.bss)
                  c30c859c    00000004     nettool.ae674 : ipaddr.oe674 (.bss)
                  c30c85a0    00000004     stk6_ppp_pppoe.ae674 : ipv6_frag.oe674 (.bss)
                  c30c85a4    00000004                          : lli6.oe674 (.bss)
                  c30c85a8    00000004                          : rtable.oe674 (.bss)
                  c30c85ac    00000004     ti.drv.emac.ae674 : mdio.oe674 (.bss)
                  c30c85b0    00000004     ti.transport.ndk.nimu.ae674 : nimu_eth.oe674 (.bss)
                  c30c85b4    00000004     (.common:_IGMPInDiscard)
                  c30c85b8    00000004     (.common:_IGMPInQuery)
                  c30c85bc    00000004     (.common:_IGMPInQueryGroup)
                  c30c85c0    00000004     (.common:_IGMPInResponse)
                  c30c85c4    00000004     (.common:_IGMPOutResponse)

.neardata 
*          0    c30c85c8    000001c4     UNINITIALIZED
                  c30c85c8    00000044     nettool.ae674 : httpstr.oe674 (.neardata)
                  c30c860c    00000024     os.ae674 : mem.oe674 (.neardata)
                  c30c8630    00000020     helloWorld_omapl13x.obj (.neardata)
                  c30c8650    0000001c     netctrl.ae674 : netctrl.oe674 (.neardata)
                  c30c866c    00000018     os.ae674 : task.oe674 (.neardata)
                  c30c8684    00000018     ti.osal.ae674 : Utils_tirtos.oe674 (.neardata)
                  c30c869c    00000014     stk6_ppp_pppoe.ae674 : rtable.oe674 (.neardata)
                  c30c86b0    00000010     nettool.ae674 : daemon.oe674 (.neardata)
                  c30c86c0    00000010     stk6_ppp_pppoe.ae674 : bind6.oe674 (.neardata)
                  c30c86d0    00000010                          : igmp.oe674 (.neardata)
                  c30c86e0    0000000c                          : route6.oe674 (.neardata)
                  c30c86ec    00000008     netctrl.ae674 : netsrv.oe674 (.neardata)
                  c30c86f4    00000008     stk6_ppp_pppoe.ae674 : exec.oe674 (.neardata)
                  c30c86fc    00000008                          : icmp.oe674 (.neardata)
                  c30c8704    00000008                          : ip.oe674 (.neardata)
                  c30c870c    00000008                          : ipin.oe674 (.neardata)
                  c30c8714    00000008                          : ipv6_frag.oe674 (.neardata)
                  c30c871c    00000008                          : lli.oe674 (.neardata)
                  c30c8724    00000008                          : nimupppoe.oe674 (.neardata)
                  c30c872c    00000008                          : rtc.oe674 (.neardata)
                  c30c8734    00000008                          : tcp.oe674 (.neardata)
                  c30c873c    00000008                          : tcp6.oe674 (.neardata)
                  c30c8744    00000008                          : timer.oe674 (.neardata)
                  c30c874c    00000008     ti.drv.emac.ae674 : emac_drv_v0.oe674 (.neardata)
                  c30c8754    00000004     hal_timer_bios.ae674 : lltimer.oe674 (.neardata)
                  c30c8758    00000004     nettool.ae674 : config.oe674 (.neardata)
                  c30c875c    00000004                   : httpsend.oe674 (.neardata)
                  c30c8760    00000004     os.ae674 : efs.oe674 (.neardata)
                  c30c8764    00000004     stk6_ppp_pppoe.ae674 : bind.oe674 (.neardata)
                  c30c8768    00000004                          : ipfrag.oe674 (.neardata)
                  c30c876c    00000004                          : lli6.oe674 (.neardata)
                  c30c8770    00000004                          : lliin.oe674 (.neardata)
                  c30c8774    00000004                          : mld.oe674 (.neardata)
                  c30c8778    00000004                          : node.oe674 (.neardata)
                  c30c877c    00000004                          : pbm.oe674 (.neardata)
                  c30c8780    00000004                          : sock6pcb.oe674 (.neardata)
                  c30c8784    00000004                          : sockpcb.oe674 (.neardata)
                  c30c8788    00000004     ti.drv.uart.ae674 : UART_drv.oe674 (.neardata)

.rodata    0    c30c878c    0000003c     UNINITIALIZED
                  c30c878c    00000024     stk6_ppp_pppoe.ae674 : ipv6.oe674 (.rodata)
                  c30c87b0    00000010     os.ae674 : mem_data.oe674 (.rodata)
                  c30c87c0    00000008     stk6_ppp_pppoe.ae674 : pbm_data.oe674 (.rodata)

.cinit     0    c30c8cb8    00000e30     
                  c30c8cb8    00000cc5     (.cinit..fardata.load) [load image, compression = rle]
                  c30c997d    00000090     (.cinit..neardata.load) [load image, compression = rle]
                  c30c9a0d    00000040     (.cinit..rodata.load) [load image, compression = rle]
                  c30c9a4d    0000000d     (.cinit..far.load) [load image, compression = rle]
                  c30c9a5a    0000000d     (.cinit..far:NDK_PACKETMEM.load) [load image, compression = rle]
                  c30c9a67    0000000b     (.cinit..far:taskStackSection.load) [load image, compression = rle]
                  c30c9a72    0000000b     (.cinit.emacComm.load) [load image, compression = rle]
                  c30c9a7d    0000000b     (.cinit.systemHeap.load) [load image, compression = rle]
                  c30c9a88    00000009     (.cinit..bss.load) [load image, compression = rle]
                  c30c9a91    00000003     --HOLE-- [fill = 0]
                  c30c9a94    00000008     (__TI_handler_table)
                  c30c9a9c    00000004     --HOLE-- [fill = 0]
                  c30c9aa0    00000048     (__TI_cinit_table)

.init_array 
*          0    c3000000    00000000     UNINITIALIZED

.far       0    c309ad40    00018f4c     UNINITIALIZED
                  c309ad40    0000c1c0     os.ae674 : mem_data.oe674 (.far:NDK_MMBUFFER)
                  c30a6f00    0000b404     ti.drv.emac.ae674 : emac_drv_v0.oe674 (.far:EMAC_DRV)
                  c30b2304    00000004     (.common:raweth_pcb)
                  c30b2308    00000800     (.common:xdc_runtime_LoggerBuf_Instance_State_0_entryArr__A)
                  c30b2b08    00000400     (.common:xdc_runtime_SysMin_Module_State_0_outbuf__A)
                  c30b2f08    000002d0     nettool.ae674 : daemon.oe674 (.far:drec)
                  c30b31d8    00000198     (.common:UartObjects)
                  c30b3370    00000140     (.common:__TI_tmpnams)
                  c30b34b0    00000100     stk6_ppp_pppoe.ae674 : igmp.oe674 (.far:igmp)
                  c30b35b0    000000b8     (.common:tcp6_stats)
                  c30b3668    000000b8     (.common:tcps)
                  c30b3720    000000b4     netctrl.ae674 : netsrv.oe674 (.far:ipcfgcopy)
                  c30b37d4    00000068     (.common:ips)
                  c30b383c    00000064     (.common:nimu_mcb)
                  c30b38a0    00000060     nettool.ae674 : daemon.oe674 (.far:pollitem)
                  c30b3900    00000058     (.common:ipv6mcb)
                  c30b3958    0000004c     (.common:_ICMPIn)
                  c30b39a4    00000004     --HOLE--
                  c30b39a8    0000004c     (.common:_ICMPOut)
                  c30b39f4    00000004     --HOLE--
                  c30b39f8    0000002c     ti.transport.ndk.nimu.ae674 : nimu_eth.oe674 (.far:emac_pkt_desc$0)
                  c30b3a24    00000028     (.common:vlan_mcb)
                  c30b3a4c    00000028     netctrl.ae674 : netsrv.oe674 (.far:oscfgcopy)
                  c30b3a74    00000024     (.common:udp6_stats)
                  c30b3a98    00000024     (.common:udps)
                  c30b3abc    00000004     --HOLE--
                  c30b3ac0    0000001c     (.common:BlockCount)
                  c30b3adc    00000004     --HOLE--
                  c30b3ae0    0000001c     (.common:BlockMax)
                  c30b3afc    00000004     --HOLE--
                  c30b3b00    0000001c     (.common:PageCount)
                  c30b3b1c    00000004     --HOLE--
                  c30b3b20    0000001c     (.common:PageMax)
                  c30b3b3c    00000018     (.common:icmp6stats)
                  c30b3b54    00000018     (.common:stkEvent)
                  c30b3b6c    00000004     --HOLE--
                  c30b3b70    00000014     stk6_ppp_pppoe.ae674 : rtc.oe674 (.far:pfnHook)
                  c30b3b84    00000010     (.common:IPV6_ALL_NODES_ADDRESS)
                  c30b3b94    00000010     (.common:IPV6_ALL_ROUTER_ADDRESS)
                  c30b3ba4    00000010     (.common:IPV6_HOST_MASK)
                  c30b3bb4    00000010     (.common:IPV6_LINKLOCALMASK)
                  c30b3bc4    00000010     (.common:IPV6_LOOPBACK_ADDRESS)
                  c30b3bd4    00000010     (.common:IPV6_MULTICASTMASK)
                  c30b3be4    00000010     (.common:IPV6_UNSPECIFIED_ADDRESS)
                  c30b3bf4    00000010     (.common:raw6_stats)
                  c30b3c04    00000010     (.common:raweths)
                  c30b3c14    00000010     (.common:raws)
                  c30b3c24    00000004     --HOLE--
                  c30b3c28    00000010                          : igmp.oe674 (.far:igmpCount)
                  c30b3c38    0000000c     (.common:PBMQ_free)
                  c30b3c44    0000000c     (.common:tpseudo)
                  c30b3c50    0000000c     (.common:upseudo)
                  c30b3c5c    00000004     --HOLE--
                  c30b3c60    00000008     (.common:parmbuf)
                  c30b3c68    00000008     (.common:uart_stdio)
                  c30b3c70    00000004     (.common:ti_sysbios_knl_Task_Instance_State_0_hookEnv__A)
                  c30b3c74    00000004     --HOLE--
                  c30b3c78    00000004     (.common:ti_sysbios_knl_Task_Instance_State_1_hookEnv__A)
                  c30b3c7c    00000004     --HOLE--
                  c30b3c80    00000004     (.common:ti_sysbios_knl_Task_Instance_State_2_hookEnv__A)
                  c30b3c84    00000004     --HOLE--
                  c30b3c88    00000004     ti.transport.ndk.nimu.ae674 : nimu_eth.oe674 (.far:pPDI$0)

systemHeap 
*          0    c30b3c90    00008000     UNINITIALIZED
                  c30b3c90    00008000     helloWorld_pe674.oe674 (systemHeap)

.far:taskStackSection 
*          0    c30c11a8    00003c00     UNINITIALIZED
                  c30c11a8    00003c00     helloWorld_pe674.oe674 (.far:taskStackSection)

.vecs      0    c30c8800    00000200     
                  c30c8800    00000200     helloWorld_pe674.oe674 (.vecs)

emacComm   0    c30c8a00    00000194     UNINITIALIZED
                  c30c8a00    00000194     ti.drv.emac.ae674 : emac_drv_v0.oe674 (emacComm)

.far:NDK_PACKETMEM 
*          0    c3000000    00052b00     UNINITIALIZED
                  c3000000    00052b00     stk6_ppp_pppoe.ae674 : pbm_data.oe674 (.far:NDK_PACKETMEM)

xdc.meta   0    c3000000    00000120     COPY SECTION
                  c3000000    00000120     helloWorld_pe674.oe674 (xdc.meta)

.text      0    c3052b00    00048240     
                  c3052b00    00001460     stk6_ppp_pppoe.ae674 : tcp6in.oe674 (.text:TCP6Input)
                  c3053f60    00001460                          : tcpin.oe674 (.text:TcpInput)
                  c30553c0    00000dc0                          : tcpout.oe674 (.text:TcpOutput)
                  c3056180    00000d60                          : tcp6out.oe674 (.text:TCP6Output)
                  c3056ee0    00000a60                          : md5.oe674 (.text:MD5Transform)
                  c3057940    000008a0     ti.targets.rts6000.ae674 : System.oe674 (.text:xdc_runtime_System_doPrint__I)
                  c30581e0    00000860     nettool.ae674 : httpclie.oe674 (.text:httpClientProcess)
                  c3058a40    00000840     ti.drv.emac.ae674 : emac.oe674 (.text:EMAC_coreInit)
                  c3059280    00000820                       : mdio.oe674 (.text:MDIO_timerTick)
                  c3059aa0    000007c0     nettool.ae674 : httpsend.oe674 (.text:SetContentType)
                  c305a260    00000780     sysbios.ae674 : BIOS.obj (.text:ti_sysbios_family_c64p_Exception_handler__I)
                  c305a9e0    00000740                   : BIOS.obj (.text:ti_sysbios_knl_Semaphore_pend__E)
                  c305b120    00000700     ti.drv.emac.ae674 : emac_drv_v0.oe674 (.text:emac_init)
                  c305b820    000006c0     ti.drv.uart.ae674 : UART_v0.oe674 (.text:UART_v0_hwiIntFxn$0)
                  c305bee0    000006c0     stk6_ppp_pppoe.ae674 : lcp.oe674 (.text:lcpInput)
                  c305c5a0    000006c0     sysbios.ae674 : BIOS.obj (.text:ti_sysbios_timers_timer64_Timer_Module_startup__E)
                  c305cc60    000006a0     stk6_ppp_pppoe.ae674 : ipout.oe674 (.text:IPTxPacket)
                  c305d300    000006a0     sysbios.ae674 : BIOS.obj (.text:ti_sysbios_knl_Task_Instance_finalize__E)
                  c305d9a0    00000680     stk6_ppp_pppoe.ae674 : ipin.oe674 (.text:IPRxPacket)
                  c305e020    00000660     ti.drv.emac.ae674 : emac.oe674 (.text:EMAC_RxServiceCheck)
                  c305e680    00000660                       : emac.oe674 (.text:EMAC_commonInit)
                  c305ece0    00000660                       : emac.oe674 (.text:EMAC_coreDeInit)
                  c305f340    00000640     ti.drv.uart.ae674 : UART_stdio.oe674 (.text:UART_printf)
                  c305f980    00000640     sysbios.ae674 : BIOS.obj (.text:ti_sysbios_family_c64p_Cache_Module_startup__E)
                  c305ffc0    00000640                   : BIOS.obj (.text:ti_sysbios_heaps_HeapMem_allocUnprotected__E)
                  c3060600    000005c0     rts6740_elf.lib : divd.obj (.text:__c6xabi_divd)
                  c3060bc0    000005a0     sysbios.ae674 : BIOS.obj (.text:ti_sysbios_heaps_HeapMem_freeUnprotected__E)
                  c3061160    00000560     ti.drv.emac.ae674 : emac.oe674 (.text:EMAC_TxServiceCheck)
                  c30616c0    00000560     stk6_ppp_pppoe.ae674 : icmpv6_ndisc.oe674 (.text:ICMPv6RecvRA)
                  c3061c20    000004e0                          : ipcp.oe674 (.text:ipcpInput)
                  c3062100    000004a0                          : fileuser.oe674 (.text:fdPoll)
                  c30625a0    00000480                          : sock.oe674 (.text:SockSet)
                  c3062a20    00000480     helloWorld_omapl13x.obj (.text)
                  c3062ea0    00000460     ti.board.ae674 : lcdkOMAPL138_pinmux.oe674 (.text:Board_pinmuxConfig)
                  c3063300    00000460     sysbios.ae674 : BIOS.obj (.text:ti_sysbios_knl_Task_sleep__E)
                  c3063760    00000440     ti.drv.uart.ae674 : UART_v0.oe674 (.text:UART_open_v0$0)
                  c3063ba0    00000420     stk6_ppp_pppoe.ae674 : ipfrag.oe674 (.text:IPReasm)
                  c3063fc0    00000420     ti.drv.uart.ae674 : UART_v0.oe674 (.text:UART_write2_v0$0)
                  c30643e0    00000420     sysbios.ae674 : BIOS.obj (.text:ti_sysbios_knl_Task_Instance_init__E)
                  c3064800    00000400     ti.drv.uart.ae674 : UART_v0.oe674 (.text:UART_read2_v0$0)
                  c3064c00    00000400     sysbios.ae674 : BIOS.obj (.text:ti_sysbios_knl_Task_setPri__E)
                  c3065000    000003e0     stk6_ppp_pppoe.ae674 : route6.oe674 (.text:Rt6Create)
                  c30653e0    000003e0                          : nimupppoe.oe674 (.text:pppoeInputS)
                  c30657c0    000003c0     ti.drv.emac.ae674 : emac_drv_v0.oe674 (.text:EMAC_open_v0$0)
                  c3065b80    000003c0     stk6_ppp_pppoe.ae674 : sock6.oe674 (.text:Sock6Connect)
                  c3065f40    000003c0                          : sock.oe674 (.text:SockGet)
                  c3066300    000003c0                          : nimuppp.oe674 (.text:pppEvent)
                  c30666c0    000003c0     sysbios.ae674 : BIOS.obj (.text:ti_sysbios_knl_Task_schedule__I)
                  c3066a80    000003c0     udpHello.obj (.text)
                  c3066e40    000003a0     ti.drv.emac.ae674 : emac.oe674 (.text:EMAC_sendPacket)
                  c30671e0    000003a0     stk6_ppp_pppoe.ae674 : icmpin.oe674 (.text:ICMPInput)
                  c3067580    000003a0                          : sock6.oe674 (.text:Sock6Set)
                  c3067920    000003a0                          : auth.oe674 (.text:chapInput)
                  c3067cc0    00000380                          : bind6.oe674 (.text:Bind6New)
                  c3068040    00000380                          : udp.oe674 (.text:UdpInput)
                  c30683c0    00000380                          : nimuppp.oe674 (.text:pppNew)
                  c3068740    00000380     nettool.ae674 : telnetd.oe674 (.text:telnet_netdata)
                  c3068ac0    00000360     stk6_ppp_pppoe.ae674 : ipv6.oe674 (.text:IPv6IPAddressToString)
                  c3068e20    00000360                          : sock6.oe674 (.text:Sock6Recv)
                  c3069180    00000360                          : fileuser.oe674 (.text:fdSelect)
                  c30694e0    00000360     nettool.ae674 : httpsend.oe674 (.text:httpSendStatusLine)
                  c3069840    00000340     stk6_ppp_pppoe.ae674 : lliin.oe674 (.text:LLIRxPacket)
                  c3069b80    00000340                          : sock.oe674 (.text:SockRecv)
                  c3069ec0    00000340     sysbios.ae674 : BIOS.obj (.text:ti_sysbios_knl_Swi_restoreHwi__E)
                  c306a200    00000340                   : BIOS.obj (.text:ti_sysbios_timers_timer64_Timer_deviceConfig__I)
                  c306a540    00000340     helloWorld_pe674.oe674 (.text:xdc_runtime_System_printfExtend__I)
                  c306a880    00000320     rts6740_elf.lib : cos.obj (.text:cos)
                  c306aba0    00000320     os.ae674 : efs.oe674 (.text:efs_filecheck)
                  c306aec0    00000320     stk6_ppp_pppoe.ae674 : nimupppoe.oe674 (.text:pppoeInputC)
                  c306b1e0    00000320     rts6740_elf.lib : tan.obj (.text:tan)
                  c306b500    00000320     sysbios.ae674 : BIOS.obj (.text:ti_sysbios_knl_Swi_runLoop__I)
                  c306b820    00000300     stk6_ppp_pppoe.ae674 : ipv6out.oe674 (.text:IPv6TxPacket)
                  c306bb20    00000300                          : lli6.oe674 (.text:LLI6TimerCheck)
                  c306be20    000002e0     ti.board.ae674 : lcdkOMAPL138_pll.oe674 (.text:Board_CorePLLConfig)
                  c306c100    000002e0     ti.transport.ndk.nimu.ae674 : nimu_eth.oe674 (.text:Emacioctl$0)
                  c306c3e0    000002e0     stk6_ppp_pppoe.ae674 : sock6.oe674 (.text:Sock6Get)
                  c306c6c0    000002e0                          : sock.oe674 (.text:SockNew)
                  c306c9a0    000002e0     nettool.ae674 : daemon.oe674 (.text:daemon)
                  c306cc80    000002e0     rts6740_elf.lib : sin.obj (.text:sin)
                  c306cf60    000002c0     stk6_ppp_pppoe.ae674 : sock6.oe674 (.text:Sock6New)
                  c306d220    000002c0     sysbios.ae674 : BIOS.obj (.text:ti_sysbios_heaps_HeapMem_Instance_init__E)
                  c306d4e0    000002c0                   : BIOS.obj (.text:ti_sysbios_knl_Clock_Instance_init__E)
                  c306d7a0    000002c0     ti.targets.rts6000.ae674 : LoggerBuf.oe674 (.text:xdc_runtime_LoggerBuf_write8__E)
                  c306da60    000002a0     ti.board.ae674 : lcdkOMAPL138_pll.oe674 (.text:Board_DDRPLLConfig)
                  c306dd00    000002a0     stk6_ppp_pppoe.ae674 : igmp.oe674 (.text:IGMPInput)
                  c306dfa0    000002a0     sysbios.ae674 : BIOS.obj (.text:ti_sysbios_knl_Clock_workFunc__E)
                  c306e240    000002a0                   : BIOS.obj (.text:ti_sysbios_knl_Task_exit__E)
                  c306e4e0    00000280     stk6_ppp_pppoe.ae674 : icmpv6_ndisc.oe674 (.text:ICMPv6RecvRedirect)
                  c306e760    00000280                          : ipv6_frag.oe674 (.text:IPv6TxFragPacket)
                  c306e9e0    00000280                          : nimu.oe674 (.text:NIMUIoctl)
                  c306ec60    00000280                          : sock6pcb.oe674 (.text:Sock6PcbResolve)
                  c306eee0    00000280                          : tcp6.oe674 (.text:TCP6TimeoutCheck)
                  c306f160    00000280                          : tcp.oe674 (.text:TcpTimeoutCheck)
                  c306f3e0    00000280     os.ae674 : mem.oe674 (.text:mmAlloc)
                  c306f660    00000280     sysbios.ae674 : BIOS.obj (.text:ti_sysbios_family_c64p_Hwi_reconfig__E)
                  c306f8e0    00000260     ti.drv.emac.ae674 : emac_drv_v0.oe674 (.text:EMAC_poll_v0$0)
                  c306fb40    00000260                       : emac_drv_v0.oe674 (.text:EMAC_send_v0$0)
                  c306fda0    00000260                       : emac.oe674 (.text:EMAC_setMulticast)
                  c3070000    00000260     stk6_ppp_pppoe.ae674 : icmpv6_ndisc.oe674 (.text:ICMPv6RecvNS)
                  c3070260    00000260                          : nimupppoe.oe674 (.text:SendServerMsg)
                  c30704c0    00000260                          : sock.oe674 (.text:SockConnect)
                  c3070720    00000260                          : sockpcb.oe674 (.text:SockPcbResolve)
                  c3070980    00000260     rts6740_elf.lib : imath64.obj (.text:__c6xabi_divull)
                  c3070be0    00000260     sysbios.ae674 : BIOS.obj (.text:ti_sysbios_family_c64p_Cache_block__I)
                  c3070e40    00000260                   : BIOS.obj (.text:ti_sysbios_family_c64p_Hwi_dispatchCore__I)
                  c30710a0    00000260                   : BIOS.obj (.text:ti_sysbios_knl_Task_postInit__I)
                  c3071300    00000260     ti.targets.rts6000.ae674 : Startup.oe674 (.text:xdc_runtime_Startup_startMods__I)
                  c3071560    00000240     ti.board.ae674 : lcdkOMAPL138_clock.oe674 (.text:Board_moduleClockEnable)
                  c30717a0    00000240     ti.transport.ndk.nimu.ae674 : nimu_eth.oe674 (.text:EMACInit_Core$0)
                  c30719e0    00000240     stk6_ppp_pppoe.ae674 : icmpv6in.oe674 (.text:ICMPv6RxPacket)
                  c3071c20    00000240                          : sb.oe674 (.text:SBRead)
                  c3071e60    00000240                          : sock6pcb.oe674 (.text:Sock6PcbBind)
                  c30720a0    00000240                          : udp6.oe674 (.text:Udp6Input)
                  c30722e0    00000240                          : auth.oe674 (.text:papInput)
                  c3072520    00000240     sysbios.ae674 : BIOS.obj (.text:ti_sysbios_family_c64p_EventCombiner_dispatch__E)
                  c3072760    00000240                   : BIOS.obj (.text:ti_sysbios_family_c64p_Exception_internalHandler__I)
                  c30729a0    00000240                   : BIOS.obj (.text:ti_sysbios_knl_Semaphore_post__E)
                  c3072be0    00000240     ti.targets.rts6000.ae674 : Core-mem.oe674 (.text:xdc_runtime_Core_createObject__I)
                  c3072e20    00000220     stk6_ppp_pppoe.ae674 : icmpv6out.oe674 (.text:ICMPv6SendDstUnreachable)
                  c3073040    00000220                          : icmpv6out.oe674 (.text:ICMPv6SendParameterProblem)
                  c3073260    00000220                          : icmpv6out.oe674 (.text:ICMPv6SendTimeExceeded)
                  c3073480    00000220                          : ipv6_frag.oe674 (.text:IPv6FragReasm)
                  c30736a0    00000220                          : lliout.oe674 (.text:LLITxIpPacket)
                  c30738c0    00000220                          : node.oe674 (.text:NodeAdd)
                  c3073ae0    00000220                          : route.oe674 (.text:RtCreate)
                  c3073d00    00000220                          : sock6.oe674 (.text:Sock6Close)
                  c3073f20    00000220     rts6740_elf.lib : fputc.obj (.text:fputc)
                  c3074140    00000220     nettool.ae674 : inetaddr.oe674 (.text:inet_aton)
                  c3074360    00000220     stk6_ppp_pppoe.ae674 : nimupppoe.oe674 (.text:pppoeSI)
                  c3074580    00000220     rts6740_elf.lib : setvbuf.obj (.text:setvbuf)
                  c30747a0    00000220     sysbios.ae674 : BIOS.obj (.text:ti_sysbios_timers_timer64_Timer_setPeriodMicroSecs__E)
                  c30749c0    00000200     nettool.ae674 : config.oe674 (.text:CfgAddEntry)
                  c3074bc0    00000200                   : dhcpmain.oe674 (.text:DHCPOpen)
                  c3074dc0    00000200     stk6_ppp_pppoe.ae674 : icmpv6_ndisc.oe674 (.text:ICMPv6SendNS)
                  c3074fc0    00000200                          : ipv6_frag.oe674 (.text:IPv6FragQEnqueueFrag)
                  c30751c0    00000200     netctrl.ae674 : netctrl.oe674 (.text:NC_NetStart)
                  c30753c0    00000200                   : netctrl.oe674 (.text:NetScheduler)
                  c30755c0    00000200     stk6_ppp_pppoe.ae674 : rtable.oe674 (.text:RtFind)
                  c30757c0    00000200     ti.osal.ae674 : SemaphoreP_tirtos.oe674 (.text:SemaphoreP_create)
                  c30759c0    00000200     stk6_ppp_pppoe.ae674 : sock6int.oe674 (.text:Sock6Notify)
                  c3075bc0    00000200                          : sock6.oe674 (.text:Sock6Send)
                  c3075dc0    00000200                          : sock.oe674 (.text:SockClose)
                  c3075fc0    00000200                          : sockint.oe674 (.text:SockNotify)
                  c30761c0    00000200                          : sockpcb.oe674 (.text:SockPcbBind)
                  c30763c0    00000200                          : sock.oe674 (.text:SockSend)
                  c30765c0    00000200     ti.drv.uart.ae674 : UART_v0.oe674 (.text:UART_readPolling_v0$0)
                  c30767c0    00000200     sysbios.ae674 : c64p_Hwi_disp_always.obj (.text:_ti_sysbios_family_c64p_Hwi_dispatchAlways)
                  c30769c0    00000200     nettool.ae674 : telnetd.oe674 (.text:telnet_engine)
                  c3076bc0    00000200     sysbios.ae674 : BIOS.obj (.text:ti_sysbios_family_c64p_EventCombiner_dispatchPlug__E)
                  c3076dc0    00000200                   : BIOS.obj (.text:ti_sysbios_knl_Task_startCore__E)
                  c3076fc0    00000200     ti.targets.rts6000.ae674 : Error.oe674 (.text:xdc_runtime_Error_policyDefault__E)
                  c30771c0    000001e0     stk6_ppp_pppoe.ae674 : bind6.oe674 (.text:Bind6RunDAD)
                  c30773a0    000001e0                          : bind.oe674 (.text:BindNew)
                  c3077580    000001e0     ti.board.ae674 : lcdkOMAPL138_clock.oe674 (.text:Board_moduleClockSyncReset)
                  c3077760    000001e0     nettool.ae674 : daemon.oe674 (.text:DaemonNew)
                  c3077940    000001e0     ti.osal.ae674 : HwiP_tirtos.oe674 (.text:HwiP_create)
                  c3077b20    000001e0     stk6_ppp_pppoe.ae674 : icmp.oe674 (.text:ICMPGenPacket)
                  c3077d00    000001e0                          : route6.oe674 (.text:Rt6Find)
                  c3077ee0    000001e0                          : route6.oe674 (.text:Rt6Free)
                  c30780c0    000001e0                          : sb6.oe674 (.text:SB6Read)
                  c30782a0    000001e0                          : nimupppoe.oe674 (.text:SendClientMsg)
                  c3078480    000001e0                          : sock6pcb.oe674 (.text:Sock6PcbFind)
                  c3078660    000001e0     ti.drv.uart.ae674 : UART_stdio.oe674 (.text:UART_convertVal$0)
                  c3078840    000001e0     sysbios.ae674 : BIOS.obj (.text:ti_sysbios_gates_GateMutex_enter__E)
                  c3078a20    000001e0     ti.targets.rts6000.ae674 : LoggerBuf.oe674 (.text:xdc_runtime_LoggerBuf_write4__E)
                  c3078c00    000001e0                              : Text.oe674 (.text:xdc_runtime_Text_putSite__E)
                  c3078de0    000001c0     stk6_ppp_pppoe.ae674 : icmpv6_ndisc.oe674 (.text:ICMPv6SendNA)
                  c3078fa0    000001c0                          : lli6.oe674 (.text:LLI6TxIPPacket)
                  c3079160    000001c0                          : raw6.oe674 (.text:Raw6Output)
                  c3079320    000001c0                          : rawethsock.oe674 (.text:RawEthSockGet)
                  c30794e0    000001c0                          : tcp6out.oe674 (.text:TCP6GenPacket)
                  c30796a0    000001c0                          : udp.oe674 (.text:UdpOutput)
                  c3079860    000001c0     nettool.ae674 : dhcppkt.oe674 (.text:dhcpPacketProcess)
                  c3079a20    000001c0                   : httppars.oe674 (.text:httpParseRecv)
                  c3079be0    000001c0     nimu_osal_omapl13x.obj (.text)
                  c3079da0    000001c0     sysbios.ae674 : BIOS.obj (.text:ti_sysbios_timers_timer64_Timer_getFreq__E)
                  c3079f60    000001a0     stk6_ppp_pppoe.ae674 : bind6.oe674 (.text:Bind6Free)
                  c307a100    000001a0     ti.transport.ndk.nimu.ae674 : nimu_eth.oe674 (.text:EmacRxPkt$0)
                  c307a2a0    000001a0     rts6740_elf.lib : hostrename.obj (.text:HOSTrename)
                  c307a440    000001a0     stk6_ppp_pppoe.ae674 : icmpv6in.oe674 (.text:ICMPv6RecvEchoRequest)
                  c307a5e0    000001a0                          : icmpv6_ndisc.oe674 (.text:ICMPv6RecvNA)
                  c307a780    000001a0                          : igmp.oe674 (.text:IGMPSendReply)
                  c307a920    000001a0                          : raw.oe674 (.text:RawInput)
                  c307aac0    000001a0                          : route6.oe674 (.text:Rt6Modify)
                  c307ac60    000001a0                          : sock6.oe674 (.text:Sock6Status)
                  c307ae00    000001a0                          : sock.oe674 (.text:SockStatus)
                  c307afa0    000001a0                          : tcp6prot.oe674 (.text:TCP6PrSetOption)
                  c307b140    000001a0                          : tcpprot.oe674 (.text:TcpPrSetOption)
                  c307b2e0    000001a0                          : tcptime.oe674 (.text:TcpTimeoutRexmt)
                  c307b480    000001a0                          : udp6.oe674 (.text:Udp6Output)
                  c307b620    000001a0     nettool.ae674 : dhcpsm.oe674 (.text:dhcpIPAdd)
                  c307b7c0    000001a0     stk6_ppp_pppoe.ae674 : lcp.oe674 (.text:lcpSendCfg)
                  c307b960    000001a0                          : nimuppp.oe674 (.text:pppInput)
                  c307bb00    000001a0     sysbios.ae674 : BIOS.obj (.text:ti_sysbios_heaps_HeapBuf_Module_startup__E)
                  c307bca0    000001a0                   : BIOS.obj (.text:ti_sysbios_knl_Task_unblockI__E)
                  c307be40    000001a0                   : BIOS.obj (.text:ti_sysbios_timers_timer64_Timer_start__E)
                  c307bfe0    000001a0     ti.targets.rts6000.ae674 : Core-smem.oe674 (.text:xdc_runtime_Core_constructObject__I)
                  c307c180    00000180     ti.board.ae674 : lcdkOMAPL138_ddr.oe674 (.text:Board_DDR3Init)
                  c307c300    00000180     ti.drv.emac.ae674 : emac_drv_v0.oe674 (.text:EMAC_config_v0$0)
                  c307c480    00000180                       : emac.oe674 (.text:EMAC_setReceiveFilter)
                  c307c600    00000180     stk6_ppp_pppoe.ae674 : ipv6_exthdrs.oe674 (.text:IPv6ParseExtnHeaders)
                  c307c780    00000180                          : ipv6_frag.oe674 (.text:IPv6ParseFragHdr)
                  c307c900    00000180                          : lli6.oe674 (.text:LLI6NeighUnreachStateMachine)
                  c307ca80    00000180                          : lli6.oe674 (.text:LLI6New)
                  c307cc00    00000180                          : rawethsock.oe674 (.text:RawEthSockSet)
                  c307cd80    00000180                          : sb6.oe674 (.text:SB6Write)
                  c307cf00    00000180                          : sb.oe674 (.text:SBWrite)
                  c307d080    00000180                          : sockint.oe674 (.text:SockCreatePacket)
                  c307d200    00000180                          : sock.oe674 (.text:SockRecvNC)
                  c307d380    00000180                          : tcp6time.oe674 (.text:TCP6TimeoutRexmt)
                  c307d500    00000180                          : tcpout.oe674 (.text:TcpGenPacket)
                  c307d680    00000180     nettool.ae674 : dhcpsm.oe674 (.text:dhcpState)
                  c307d800    00000180     ti.drv.emac.ae674 : emac_drv_v0.oe674 (.text:emac_reset)
                  c307d980    00000180     nettool.ae674 : httpclie.oe674 (.text:httpGetAuthParams)
                  c307db00    00000180                   : httpsend.oe674 (.text:httpSendErrorHTML)
                  c307dc80    00000180     stk6_ppp_pppoe.ae674 : ipcp.oe674 (.text:ipcpSendCfg)
                  c307de00    00000180     sysbios.ae674 : c64p_Exception_asm.obj (.text)
                  c307df80    00000160     ti.board.ae674 : lcdkOMAPL138.oe674 (.text:Board_init)
                  c307e0e0    00000160     ti.drv.emac.ae674 : emac.oe674 (.text:EMAC_close)
                  c307e240    00000160     stk6_ppp_pppoe.ae674 : ipv6in.oe674 (.text:IPv6RxPacket)
                  c307e3a0    00000160                          : socket.oe674 (.text:NDK_accept)
                  c307e500    00000160                          : socket.oe674 (.text:NDK_recvncfrom)
                  c307e660    00000160                          : nimu.oe674 (.text:NIMUReceivePacket)
                  c307e7c0    00000160     ti.osal.ae674 : RegisterIntr_tirtos.oe674 (.text:Osal_RegisterInterrupt)
                  c307e920    00000160     stk6_ppp_pppoe.ae674 : pipe.oe674 (.text:PipeNew)
                  c307ea80    00000160                          : pipe.oe674 (.text:PipeRecv)
                  c307ebe0    00000160                          : rtc.oe674 (.text:RTCReport)
                  c307ed40    00000160                          : rawethsock.oe674 (.text:RawEthSockNew)
                  c307eea0    00000160                          : sock6pcb.oe674 (.text:Sock6PcbFindRaw)
                  c307f000    00000160                          : sockpcb.oe674 (.text:SockPcbFind)
                  c307f160    00000160                          : lli.oe674 (.text:_LLITimeoutCheck)
                  c307f2c0    00000160                          : auth.oe674 (.text:chapSendMsg)
                  c307f420    00000160     ti.drv.emac.ae674 : emac_drv_v0.oe674 (.text:emac_rx_packet$0)
                  c307f580    00000160     nettool.ae674 : httpclie.oe674 (.text:httpExtractTag)
                  c307f6e0    00000160     stk6_ppp_pppoe.ae674 : nimupppoe.oe674 (.text:pppoeCtrlMsg)
                  c307f840    00000160     rts6740_elf.lib : sqrt.obj (.text:sqrt)
                  c307f9a0    00000160     sysbios.ae674 : BIOS.obj (.text:ti_sysbios_knl_Swi_post__E)
                  c307fb00    00000160     ti.targets.rts6000.ae674 : Text.oe674 (.text:xdc_runtime_Text_putMod__E)
                  c307fc60    00000140     stk6_ppp_pppoe.ae674 : bind6.oe674 (.text:Bind6GetGlobalAddress)
                  c307fda0    00000140     nettool.ae674 : config.oe674 (.text:CfgRemoveEntry)
                  c307fee0    00000140     ti.drv.emac.ae674 : emac_drv_v0.oe674 (.text:EMAC_interruptInit$0)
                  c3080020    00000140     ti.transport.ndk.nimu.ae674 : nimu_eth.oe674 (.text:EmacStart$0)
                  c3080160    00000140     stk6_ppp_pppoe.ae674 : icmpin.oe674 (.text:ICMPRevSrcRoute)
                  c30802a0    00000140                          : igmp.oe674 (.text:IGMPJoinHostGroup)
                  c30803e0    00000140                          : ipv6_exthdrs.oe674 (.text:IPv6ParseHopOptions)
                  c3080520    00000140                          : nimu.oe674 (.text:NIMURegister)
                  c3080660    00000140                          : raw6.oe674 (.text:Raw6Input)
                  c30807a0    00000140     netctrl.ae674 : netsrv.oe674 (.text:SPIpNet)
                  c30808e0    00000140     nettool.ae674 : dhcpsm.oe674 (.text:StateBound)
                  c3080a20    00000140     rts6740_elf.lib : fclose.obj (.text:__TI_closefile)
                  c3080b60    00000140     nettool.ae674 : dhcpbild.oe674 (.text:dhcpBuildHeader)
                  c3080ca0    00000140                   : dhcpsock.oe674 (.text:dhcpSocketOpen)
                  c3080de0    00000140                   : dhcppkt.oe674 (.text:dhcpVerifyMessage)
                  c3080f20    00000140     rts6740_elf.lib : fflush.obj (.text:fflush)
                  c3081060    00000140                     : getdevice.obj (.text:getdevice)
                  c30811a0    00000140     stk6_ppp_pppoe.ae674 : udp6.oe674 (.text:processMulticast)
                  c30812e0    00000140     sysbios.ae674 : BIOS.obj (.text:ti_sysbios_family_c64p_Hwi_Module_startup__E)
                  c3081420    00000140                   : BIOS.obj (.text:ti_sysbios_knl_Semaphore_Instance_init__E)
                  c3081560    00000140                   : BIOS.obj (.text:ti_sysbios_knl_Task_Module_startup__E)
                  c30816a0    00000140                   : BIOS.obj (.text:ti_sysbios_knl_Task_blockI__E)
                  c30817e0    00000140     ti.targets.rts6000.ae674 : Core-mem.oe674 (.text:xdc_runtime_Core_deleteObject__I)
                  c3081920    00000140                              : LoggerBuf.oe674 (.text:xdc_runtime_LoggerBuf_setFilterLevel__E)
                  c3081a60    00000140                              : Text.oe674 (.text:xdc_runtime_Text_putLab__E)
                  c3081ba0    00000120     ti.board.ae674 : lcdkOMAPL138_pinmux.oe674 (.text:Board_configEmifPinMux)
                  c3081cc0    00000120     ti.csl.ae674 : csl_chip.oe674 (.text:CSL_chipReadReg)
                  c3081de0    00000120     stk6_ppp_pppoe.ae674 : icmp.oe674 (.text:ICMPSendRtAdv)
                  c3081f00    00000120                          : ip.oe674 (.text:IPGetRoute)
                  c3082020    00000120                          : lliout.oe674 (.text:LLIGenArpPacket)
                  c3082140    00000120                          : md5.oe674 (.text:MD5Update)
                  c3082260    00000120                          : socket.oe674 (.text:NDK_getpeername)
                  c3082380    00000120                          : socket.oe674 (.text:NDK_sendto)
                  c30824a0    00000120                          : node.oe674 (.text:NodeTreeFree)
                  c30825c0    00000120                          : rtable.oe674 (.text:RtTimeoutCheck)
                  c30826e0    00000120     netctrl.ae674 : netsrv.oe674 (.text:ServiceScan)
                  c3082800    00000120     stk6_ppp_pppoe.ae674 : sock6int.oe674 (.text:Sock6CreatePacket)
                  c3082920    00000120     nettool.ae674 : dhcpsm.oe674 (.text:StateRenewRebind)
                  c3082a40    00000120     stk6_ppp_pppoe.ae674 : tcp6time.oe674 (.text:TCP6TimeoutKeep)
                  c3082b60    00000120                          : tcptime.oe674 (.text:TcpTimeoutKeep)
                  c3082c80    00000120     boot.ae674 : autoinit.oe674 (.text:_auto_init_elf)
                  c3082da0    00000120     stk6_ppp_pppoe.ae674 : auth.oe674 (.text:authInit)
                  c3082ec0    00000120                          : fileuser.oe674 (.text:fdClose)
                  c3082fe0    00000120     rts6740_elf.lib : fseek.obj (.text:fseek)
                  c3083100    00000120     stk6_ppp_pppoe.ae674 : auth.oe674 (.text:papSendCfg)
                  c3083220    00000120                          : nimuppp.oe674 (.text:pppAddClient)
                  c3083340    00000120                          : nimuppp.oe674 (.text:pppFree)
                  c3083460    00000120     nettool.ae674 : telnetd.oe674 (.text:telnet_termdata)
                  c3083580    00000120     helloWorld_pe674.oe674 (.text:ti_sysbios_BIOS_rtsUnlock__I)
                  c30836a0    00000120     sysbios.ae674 : BIOS.obj (.text:ti_sysbios_family_c64p_Hwi_Instance_init__E)
                  c30837c0    00000120                   : BIOS.obj (.text:ti_sysbios_knl_Clock_start__E)
                  c30838e0    00000120     ti.targets.rts6000.ae674 : LoggerBuf.oe674 (.text:xdc_runtime_LoggerBuf_getFilterLevel__E)
                  c3083a00    00000100     stk6_ppp_pppoe.ae674 : bind6.oe674 (.text:Bind6Msg)
                  c3083b00    00000100     ti.board.ae674 : lcdkOMAPL138_clock.oe674 (.text:Board_moduleClockInit)
                  c3083c00    00000100     nettool.ae674 : config.oe674 (.text:CfgExecute)
                  c3083d00    00000100                   : config.oe674 (.text:CfgGetNextEntry)
                  c3083e00    00000100     ti.transport.ndk.nimu.ae674 : nimu_eth.oe674 (.text:EmacSendPkt$0)
                  c3083f00    00000100     ti.osal.ae674 : EventCombinerP_tirtos.oe674 (.text:EventCombinerP_GroupRegisterInt)
                  c3084000    00000100     stk6_ppp_pppoe.ae674 : exec.oe674 (.text:ExecOpen)
                  c3084100    00000100                          : igmp.oe674 (.text:IGMPJoin)
                  c3084200    00000100                          : ipv6.oe674 (.text:IPv6DisplayIPAddress)
                  c3084300    00000100     ti.drv.emac.ae674 : mdio.oe674 (.text:MDIO_close)
                  c3084400    00000100     stk6_ppp_pppoe.ae674 : node.oe674 (.text:NodeWalk)
                  c3084500    00000100                          : route6.oe674 (.text:Route6LifetimeMgmt)
                  c3084600    00000100                          : sock6.oe674 (.text:Sock6Check)
                  c3084700    00000100                          : sock6pcb.oe674 (.text:Sock6PcbConnect)
                  c3084800    00000100                          : sock.oe674 (.text:SockCheck)
                  c3084900    00000100                          : sockpcb.oe674 (.text:SockCleanPcb)
                  c3084a00    00000100     nettool.ae674 : dhcpsm.oe674 (.text:StateRequesting)
                  c3084b00    00000100     ti.drv.uart.ae674 : UART_v0.oe674 (.text:UART_writePolling_v0$0)
                  c3084c00    00000100     stk6_ppp_pppoe.ae674 : rtable.oe674 (.text:_RtNodeRemove)
                  c3084d00    00000100     rts6740_elf.lib : copy_decompress_rle.obj (.text:__TI_decompress_rle_core)
                  c3084e00    00000100                     : _io_perm.obj (.text:__TI_wrt_ok)
                  c3084f00    00000100                     : atoi.obj (.text:atoi)
                  c3085000    00000100     stk6_ppp_pppoe.ae674 : auth.oe674 (.text:authGetPassword)
                  c3085100    00000100     ti.drv.emac.ae674 : emac_drv_v0.oe674 (.text:emac_free_packet$0)
                  c3085200    00000100                       : emac_drv_v0.oe674 (.text:emac_reset_queue)
                  c3085300    00000100     nettool.ae674 : httpsend.oe674 (.text:httpAuthenticationReq)
                  c3085400    00000100                   : telnetd.oe674 (.text:telnetClientProcess)
                  c3085500    00000100     sysbios.ae674 : BIOS.obj (.text:ti_sysbios_family_c64p_Hwi_Instance_finalize__E)
                  c3085600    00000100                   : BIOS.obj (.text:ti_sysbios_timers_timer64_Timer_initDevice__I)
                  c3085700    00000100     ti.targets.rts6000.ae674 : Error.oe674 (.text:xdc_runtime_Error_print__E)
                  c3085800    00000100                              : Memory.oe674 (.text:xdc_runtime_Memory_alloc__E)
                  c3085900    00000100                              : Startup.oe674 (.text:xdc_runtime_Startup_exec__E)
                  c3085a00    000000e0     stk6_ppp_pppoe.ae674 : bind6.oe674 (.text:Bind6DADCheck)
                  c3085ae0    000000e0                          : bind6.oe674 (.text:Bind6LifetimeMgmt)
                  c3085bc0    000000e0                          : bind.oe674 (.text:BindFree)
                  c3085ca0    000000e0     nettool.ae674 : config.oe674 (.text:CfgGetEntry)
                  c3085d80    000000e0                   : daemon.oe674 (.text:DaemonFree)
                  c3085e60    000000e0     rts6740_elf.lib : hostlseek.obj (.text:HOSTlseek)
                  c3085f40    000000e0                     : hostopen.obj (.text:HOSTopen)
                  c3086020    000000e0                     : hostwrite.obj (.text:HOSTwrite)
                  c3086100    000000e0     stk6_ppp_pppoe.ae674 : icmpv6in.oe674 (.text:ICMPv6SocketErrorInterface)
                  c30861e0    000000e0                          : igmp.oe674 (.text:IGMPDoMCast)
                  c30862c0    000000e0                          : igmp.oe674 (.text:IGMPMsg)
                  c30863a0    000000e0                          : ipv6_frag.oe674 (.text:IPv6CreateFragQ)
                  c3086480    000000e0                          : ipv6.oe674 (.text:IPv6GetSubnetMaskFromBits)
                  c3086560    000000e0                          : ipv6.oe674 (.text:IPv6Init)
                  c3086640    000000e0                          : ipv6_exthdrs.oe674 (.text:IPv6ParseRoutingHdr)
                  c3086720    000000e0                          : lli6.oe674 (.text:LLI6Find)
                  c3086800    000000e0     netctrl.ae674 : netctrl.oe674 (.text:NC_SystemOpen)
                  c30868e0    000000e0     stk6_ppp_pppoe.ae674 : socket.oe674 (.text:NDK_bind)
                  c30869c0    000000e0                          : node.oe674 (.text:NodeFind)
                  c3086aa0    000000e0                          : node.oe674 (.text:NodeTreeNew)
                  c3086b80    000000e0                          : pbm.oe674 (.text:PBM_alloc)
                  c3086c60    000000e0                          : pbm.oe674 (.text:PBM_free)
                  c3086d40    000000e0                          : pipe.oe674 (.text:PipeSend)
                  c3086e20    000000e0                          : raweth.oe674 (.text:RawEthRxPacket)
                  c3086f00    000000e0                          : rawethsock_pcb.oe674 (.text:RawEthSockPcbAttach)
                  c3086fe0    000000e0                          : rawethsock.oe674 (.text:RawEthSockStatus)
                  c30870c0    000000e0                          : raweth.oe674 (.text:RawEthTxPacket)
                  c30871a0    000000e0                          : raw.oe674 (.text:RawOutput)
                  c3087280    000000e0                          : rtable.oe674 (.text:RtFlush)
                  c3087360    000000e0                          : rtable.oe674 (.text:RtWalkNext)
                  c3087440    000000e0                          : sb6.oe674 (.text:SB6New)
                  c3087520    000000e0     netctrl.ae674 : netsrv.oe674 (.text:SPConfig)
                  c3087600    000000e0                   : netsrv.oe674 (.text:SPRoute)
                  c30876e0    000000e0                   : netsrv.oe674 (.text:ServiceSpawn)
                  c30877c0    000000e0     stk6_ppp_pppoe.ae674 : sock6.oe674 (.text:Sock6Accept)
                  c30878a0    000000e0                          : sock6pcb.oe674 (.text:Sock6CleanPcb)
                  c3087980    000000e0                          : sock.oe674 (.text:SockAccept)
                  c3087a60    000000e0                          : sockpcb.oe674 (.text:SockPcbConnect)
                  c3087b40    000000e0                          : sockpcb.oe674 (.text:SockPcbCtlError)
                  c3087c20    000000e0                          : sock.oe674 (.text:SockShutdown)
                  c3087d00    000000e0                          : tcp6prot.oe674 (.text:TCP6PrAttach)
                  c3087de0    000000e0                          : tcp6prot.oe674 (.text:TCP6PrGetOption)
                  c3087ec0    000000e0                          : tcp6time.oe674 (.text:TCP6XmitTimer)
                  c3087fa0    000000e0                          : tcpprot.oe674 (.text:TcpPrAttach)
                  c3088080    000000e0                          : tcpprot.oe674 (.text:TcpPrGetOption)
                  c3088160    000000e0                          : tcptime.oe674 (.text:TcpXmitTimer)
                  c3088240    000000e0     nettool.ae674 : telnetd.oe674 (.text:TelnetOpen)
                  c3088320    000000e0     ti.drv.uart.ae674 : UART_v0.oe674 (.text:UART_close_v0$0)
                  c3088400    000000e0                       : UART_v0.oe674 (.text:UART_read_v0$0)
                  c30884e0    000000e0                       : UART_v0.oe674 (.text:UART_write_v0$0)
                  c30885c0    000000e0     stk6_ppp_pppoe.ae674 : rtable.oe674 (.text:_RtNodeInsert)
                  c30886a0    000000e0     rts6740_elf.lib : divi.obj (.text:__divi)
                  c3088780    000000e0                     : close.obj (.text:close)
                  c3088860    000000e0     nettool.ae674 : daemon.oe674 (.text:dchild)
                  c3088940    000000e0     ti.drv.emac.ae674 : emac.oe674 (.text:emacUpdateStats$0)
                  c3088a20    000000e0                       : emac_drv_v0.oe674 (.text:emac_get_packet$0)
                  c3088b00    000000e0     rts6740_elf.lib : exit.obj (.text:exit)
                  c3088be0    000000e0     stk6_ppp_pppoe.ae674 : file.oe674 (.text:fdint_lockfd)
                  c3088cc0    000000e0                          : sock6.oe674 (.text:joinGroup)
                  c3088da0    000000e0     os.ae674 : task.oe674 (.text:llEnter)
                  c3088e80    000000e0     rts6740_elf.lib : memset.obj (.text:memset)
                  c3088f60    000000e0     sysbios.ae674 : BIOS.obj (.text:ti_sysbios_heaps_HeapMem_alloc__E)
                  c3089040    000000e0                   : BIOS.obj (.text:ti_sysbios_timers_timer64_Timer_startup__E)
                  c3089120    000000e0     ti.targets.rts6000.ae674 : Text.oe674 (.text:xdc_runtime_Text_visitRope2__I)
                  c3089200    000000c0     stk6_ppp_pppoe.ae674 : bind6.oe674 (.text:Bind6GetLinkLocalAddress)
                  c30892c0    000000c0     nettool.ae674 : config.oe674 (.text:CfgFree)
                  c3089380    000000c0                   : config.oe674 (.text:CfgGetEntryCnt)
                  c3089440    000000c0     os.ae674 : ossys.oe674 (.text:DbgPrintf)
                  c3089500    000000c0     ti.drv.emac.ae674 : emac_drv_v0.oe674 (.text:EMAC_HwIntRx$0)
                  c30895c0    000000c0                       : emac_drv_v0.oe674 (.text:EMAC_close_v0$0)
                  c3089680    000000c0     ti.transport.ndk.nimu.ae674 : nimu_eth.oe674 (.text:EmacSend$0)
                  c3089740    000000c0     rts6740_elf.lib : hostread.obj (.text:HOSTread)
                  c3089800    000000c0                     : hostunlink.obj (.text:HOSTunlink)
                  c30898c0    000000c0     stk6_ppp_pppoe.ae674 : igmp.oe674 (.text:IGMPLeaveHostGroup)
                  c3089980    000000c0                          : igmp.oe674 (.text:IGMPTimer)
                  c3089a40    000000c0                          : ip.oe674 (.text:IPMsg)
                  c3089b00    000000c0                          : ipin.oe674 (.text:IPRouteIP)
                  c3089bc0    000000c0                          : ipv6_frag.oe674 (.text:IPv6FindFragQ)
                  c3089c80    000000c0                          : ipv6_frag.oe674 (.text:IPv6FragMsg)
                  c3089d40    000000c0                          : ipv6.oe674 (.text:IPv6Layer4ComputeChecksum)
                  c3089e00    000000c0                          : lli6.oe674 (.text:LLI6Update)
                  c3089ec0    000000c0                          : lli.oe674 (.text:LLINew)
                  c3089f80    000000c0                          : mld.oe674 (.text:MLDFindMulticastNode)
                  c308a040    000000c0                          : mld.oe674 (.text:MLDJoinGroup)
                  c308a100    000000c0                          : socket.oe674 (.text:NDK_listen)
                  c308a1c0    000000c0                          : socket.oe674 (.text:NDK_recv)
                  c308a280    000000c0                          : socket.oe674 (.text:NDK_send)
                  c308a340    000000c0                          : socket.oe674 (.text:NDK_setsockopt)
                  c308a400    000000c0                          : socket.oe674 (.text:NDK_socket)
                  c308a4c0    000000c0                          : nimu.oe674 (.text:NIMUAddEthernetHeader)
                  c308a580    000000c0                          : nimu.oe674 (.text:NIMUIoctlSpecialCmd)
                  c308a640    000000c0     netctrl.ae674 : netsrv.oe674 (.text:NS_BootTask)
                  c308a700    000000c0     stk6_ppp_pppoe.ae674 : node.oe674 (.text:NodeDeRef)
                  c308a7c0    000000c0     ti.osal.ae674 : Utils_tirtos.oe674 (.text:Osal_delay)
                  c308a880    000000c0     stk6_ppp_pppoe.ae674 : pbm.oe674 (.text:PBM_open)
                  c308a940    000000c0     ti.drv.emac.ae674 : mdio.oe674 (.text:PHYREG_waitResultsAck)
                  c308aa00    000000c0     stk6_ppp_pppoe.ae674 : rawethsock.oe674 (.text:RawEthSockCheck)
                  c308aac0    000000c0                          : rawethsock.oe674 (.text:RawEthSockRecvNC)
                  c308ab80    000000c0                          : rawethsock.oe674 (.text:RawEthSockSendNC)
                  c308ac40    000000c0                          : route6.oe674 (.text:Rt6FindDefaultRouter)
                  c308ad00    000000c0                          : route.oe674 (.text:RtRemove)
                  c308adc0    000000c0                          : sb.oe674 (.text:SBNew)
                  c308ae80    000000c0                          : sb.oe674 (.text:SBReadNC)
                  c308af40    000000c0                          : sock6.oe674 (.text:Sock6Listen)
                  c308b000    000000c0                          : sock6.oe674 (.text:Sock6Shutdown)
                  c308b0c0    000000c0                          : sock.oe674 (.text:SockListen)
                  c308b180    000000c0                          : sockpcb.oe674 (.text:SockPcbFindRaw)
                  c308b240    000000c0     nettool.ae674 : dhcpsm.oe674 (.text:StateSelecting)
                  c308b300    000000c0     stk6_ppp_pppoe.ae674 : tcp6time.oe674 (.text:TCP6TimeoutSackRexmt)
                  c308b3c0    000000c0                          : tcptime.oe674 (.text:TcpTimeoutSackRexmt)
                  c308b480    000000c0                          : tcpprot.oe674 (.text:TcpValidateMetrics)
                  c308b540    000000c0     ti.drv.uart.ae674 : UART_v0.oe674 (.text:UART_charPut$0)
                  c308b600    000000c0                       : UART_v0.oe674 (.text:UART_readCancelNoCB$0)
                  c308b6c0    000000c0     stk6_ppp_pppoe.ae674 : vlan.oe674 (.text:VLANDeinit)
                  c308b780    000000c0     nettool.ae674 : config.oe674 (.text:_CfgEntryScan)
                  c308b840    000000c0     stk6_ppp_pppoe.ae674 : lli.oe674 (.text:_LLIExpListInsert)
                  c308b900    000000c0                          : rtable.oe674 (.text:_RtExpListInsert)
                  c308b9c0    000000c0     rts6740_elf.lib : fflush.obj (.text:__TI_doflush)
                  c308ba80    000000c0                     : divu.obj (.text:__divu)
                  c308bb40    000000c0                     : remi.obj (.text:__remi)
                  c308bc00    000000c0     os.ae674 : mem.oe674 (.text:_mmInit)
                  c308bcc0    000000c0     stk6_ppp_pppoe.ae674 : auth.oe674 (.text:authTimer)
                  c308bd80    000000c0     nettool.ae674 : dhcpbild.oe674 (.text:dhcpBuildRequest)
                  c308be40    000000c0                   : dhcptags.oe674 (.text:dhcpDecodeType)
                  c308bf00    000000c0     os.ae674 : efs.oe674 (.text:efs_internal_remove)
                  c308bfc0    000000c0     stk6_ppp_pppoe.ae674 : fileuser.oe674 (.text:fdOpenSession)
                  c308c080    000000c0     nettool.ae674 : http.oe674 (.text:httpOpen)
                  c308c140    000000c0     stk6_ppp_pppoe.ae674 : lcp.oe674 (.text:lcpOpen)
                  c308c200    000000c0                          : lcp.oe674 (.text:lcpReject)
                  c308c2c0    000000c0     os.ae674 : mem.oe674 (.text:mmFree)
                  c308c380    000000c0              : mem.oe674 (.text:mmInitPage)
                  c308c440    000000c0     sysbios.ae674 : BIOS.obj (.text:ti_sysbios_heaps_HeapMem_getStats__E)
                  c308c500    000000c0                   : BIOS.obj (.text:ti_sysbios_knl_Clock_logTick__E)
                  c308c5c0    000000c0                   : BIOS.obj (.text:ti_sysbios_knl_Swi_schedule__I)
                  c308c680    000000c0     rts6740_elf.lib : tls.obj (.text:tls:init:__TI_tls_init)
                  c308c740    000000c0     stk6_ppp_pppoe.ae674 : lliin.oe674 (.text:updateRtTable)
                  c308c800    000000c0     ti.targets.rts6000.ae674 : Assert.oe674 (.text:xdc_runtime_Assert_raise__I)
                  c308c8c0    000000c0                              : Error.oe674 (.text:xdc_runtime_Error_setX__E)
                  c308c980    000000a0     nettool.ae674 : config.oe674 (.text:CfgNew)
                  c308ca20    000000a0                   : config.oe674 (.text:CfgSetExecuteOrder)
                  c308cac0    000000a0     ti.transport.ndk.nimu.ae674 : nimu_eth.oe674 (.text:EmacPktService$0)
                  c308cb60    000000a0     stk6_ppp_pppoe.ae674 : file.oe674 (.text:FdWaitEvent)
                  c308cc00    000000a0     rts6740_elf.lib : hostclose.obj (.text:HOSTclose)
                  c308cca0    000000a0     stk6_ppp_pppoe.ae674 : igmp.oe674 (.text:IGMPLeave)
                  c308cd40    000000a0                          : igmp.oe674 (.text:IGMPTestGroup)
                  c308cde0    000000a0                          : icmpv6out.oe674 (.text:IsICMPv6ErrorPkt)
                  c308ce80    000000a0                          : md5.oe674 (.text:MD5Final)
                  c308cf20    000000a0     ti.drv.emac.ae674 : mdio.oe674 (.text:MDIO_open)
                  c308cfc0    000000a0     stk6_ppp_pppoe.ae674 : mld.oe674 (.text:MLDLeaveGroup)
                  c308d060    000000a0                          : nimu.oe674 (.text:NIMUAllocateName)
                  c308d100    000000a0                          : nimu.oe674 (.text:NIMUFindByName)
                  c308d1a0    000000a0                          : nimu.oe674 (.text:NIMUUnregister)
                  c308d240    000000a0                          : node.oe674 (.text:NodeNew)
                  c308d2e0    000000a0     ti.osal.ae674 : RegisterIntr_tirtos.oe674 (.text:Osal_DeleteInterrupt)
                  c308d380    000000a0     stk6_ppp_pppoe.ae674 : pbm.oe674 (.text:PBMQ_enq)
                  c308d420    000000a0                          : pbm.oe674 (.text:PBM_copy)
                  c308d4c0    000000a0     ti.drv.emac.ae674 : mdio.oe674 (.text:PHYREG_waitResults)
                  c308d560    000000a0     stk6_ppp_pppoe.ae674 : pipe.oe674 (.text:PipeStatus)
                  c308d600    000000a0                          : rtc.oe674 (.text:RTCMsg)
                  c308d6a0    000000a0                          : rawethsock.oe674 (.text:RawEthSockSend)
                  c308d740    000000a0                          : route.oe674 (.text:RtRedirect)
                  c308d7e0    000000a0     netctrl.ae674 : netsrv.oe674 (.text:SPService)
                  c308d880    000000a0                   : netsrv.oe674 (.text:ServiceKill)
                  c308d920    000000a0     stk6_ppp_pppoe.ae674 : sock6.oe674 (.text:Sock6Disconnect)
                  c308d9c0    000000a0                          : sock6pcb.oe674 (.text:Sock6PcbResolveChain)
                  c308da60    000000a0                          : sock6int.oe674 (.text:Sock6SpawnAbort)
                  c308db00    000000a0                          : sockint.oe674 (.text:SockSpawnAbort)
                  c308dba0    000000a0                          : sockint.oe674 (.text:SockValidateRoute)
                  c308dc40    000000a0                          : tcp6prot.oe674 (.text:TCP6Drop)
                  c308dce0    000000a0                          : tcp6prot.oe674 (.text:TCP6PrDetach)
                  c308dd80    000000a0                          : tcp6prot.oe674 (.text:TCP6PrInherit)
                  c308de20    000000a0                          : tcp6prot.oe674 (.text:TCP6ValidateMetrics)
                  c308dec0    000000a0     os.ae674 : task.oe674 (.text:TaskSetEnv)
                  c308df60    000000a0     stk6_ppp_pppoe.ae674 : tcp.oe674 (.text:TcpChecksum)
                  c308e000    000000a0                          : tcpprot.oe674 (.text:TcpDrop)
                  c308e0a0    000000a0                          : tcpprot.oe674 (.text:TcpPrDetach)
                  c308e140    000000a0                          : tcpprot.oe674 (.text:TcpPrInherit)
                  c308e1e0    000000a0                          : timer.oe674 (.text:TimerListInsert)
                  c308e280    000000a0     ti.drv.uart.ae674 : UART_drv.oe674 (.text:UART_init)
                  c308e320    000000a0                       : UART_stdio.oe674 (.text:UART_stdioInit)
                  c308e3c0    000000a0                       : UART_v0.oe674 (.text:UART_v0_callback$0)
                  c308e460    000000a0                       : UART_v0.oe674 (.text:UART_writeCancelNoCB$0)
                  c308e500    000000a0     stk6_ppp_pppoe.ae674 : udp.oe674 (.text:UdpChecksum)
                  c308e5a0    000000a0                          : vlan.oe674 (.text:VLANReceivePacket)
                  c308e640    000000a0                          : lli.oe674 (.text:_LLIExpListRemove)
                  c308e6e0    000000a0                          : rtable.oe674 (.text:_RtExpListRemove)
                  c308e780    000000a0     rts6740_elf.lib : fopen.obj (.text:__TI_cleanup)
                  c308e820    000000a0                     : round.obj (.text:__c6xabi_nround)
                  c308e8c0    000000a0                     : remu.obj (.text:__remu)
                  c308e960    000000a0     boot.ae674 : boot.oe674 (.text:_c_int00)
                  c308ea00    000000a0     sysbios.ae674 : c64p_Hwi_asm.obj (.text:_ti_sysbios_family_c64p_Hwi_plug__E)
                  c308eaa0    000000a0     stk6_ppp_pppoe.ae674 : auth.oe674 (.text:authStart)
                  c308eb40    000000a0     nettool.ae674 : dhcptags.oe674 (.text:dhcpBuildOptions)
                  c308ebe0    000000a0     os.ae674 : efs.oe674 (.text:efs_fopen)
                  c308ec80    000000a0     ti.drv.emac.ae674 : emac.oe674 (.text:emacLinkUpProcessing)
                  c308ed20    000000a0                       : emac_drv.oe674 (.text:emac_config)
                  c308edc0    000000a0                       : emac_drv.oe674 (.text:emac_open)
                  c308ee60    000000a0                       : emac_drv.oe674 (.text:emac_poll)
                  c308ef00    000000a0                       : emac_drv.oe674 (.text:emac_send)
                  c308efa0    000000a0     stk6_ppp_pppoe.ae674 : file.oe674 (.text:fdint_unlockfd)
                  c308f040    000000a0     nettool.ae674 : httpsend.oe674 (.text:httpSendFullResponse)
                  c308f0e0    000000a0     stk6_ppp_pppoe.ae674 : lcp.oe674 (.text:lcpInit)
                  c308f180    000000a0                          : lcp.oe674 (.text:lcpSendEcho)
                  c308f220    000000a0                          : lcp.oe674 (.text:lcpTimer)
                  c308f2c0    000000a0     rts6740_elf.lib : memcpy64.obj (.text:memcpy)
                  c308f360    000000a0     os.ae674 : mem.oe674 (.text:mmBulkAlloc)
                  c308f400    000000a0              : mem.oe674 (.text:mmCopy)
                  c308f4a0    000000a0              : mem.oe674 (.text:mmZeroInit)
                  c308f540    000000a0     rts6740_elf.lib : modf.obj (.text:modf)
                  c308f5e0    000000a0     stk6_ppp_pppoe.ae674 : nimuppp.oe674 (.text:pppAddIP)
                  c308f680    000000a0                          : nimuppp.oe674 (.text:pppTimer)
                  c308f720    000000a0     rts6740_elf.lib : strstr.obj (.text:strstr)
                  c308f7c0    000000a0     sysbios.ae674 : BIOS.obj (.text:ti_sysbios_family_c64p_Exception_Module_startup__E)
                  c308f860    000000a0     helloWorld_pe674.oe674 (.text:ti_sysbios_family_c64p_Hwi_construct)
                  c308f900    000000a0     sysbios.ae674 : BIOS.obj (.text:ti_sysbios_family_c64p_Hwi_dispatchC__I)
                  c308f9a0    000000a0                   : BIOS.obj (.text:ti_sysbios_family_c64p_Hwi_getStackInfo__E)
                  c308fa40    000000a0                   : BIOS.obj (.text:ti_sysbios_heaps_HeapMem_init__I)
                  c308fae0    000000a0                   : BIOS.obj (.text:ti_sysbios_knl_Task_allBlockedFunction__I)
                  c308fb80    000000a0     helloWorld_pe674.oe674 (.text:ti_sysbios_knl_Task_create)
                  c308fc20    000000a0     sysbios.ae674 : BIOS.obj (.text:ti_sysbios_knl_Task_deleteTerminatedTasksFunc__I)
                  c308fcc0    000000a0                   : BIOS.obj (.text:ti_sysbios_timers_timer64_Timer_stop__E)
                  c308fd60    000000a0     ti.targets.rts6000.ae674 : Core-params.oe674 (.text:xdc_runtime_Core_assignParams__I)
                  c308fe00    000000a0     helloWorld_pe674.oe674 (.text:xdc_runtime_LoggerBuf_Object__create__S)
                  c308fea0    000000a0     ti.targets.rts6000.ae674 : System.oe674 (.text:xdc_runtime_System_formatNum__I)
                  c308ff40    000000a0                              : System.oe674 (.text:xdc_runtime_System_putchar__I)
                  c308ffe0    000000a0                              : Text.oe674 (.text:xdc_runtime_Text_printVisFxn__I)
                  c3090080    000000a0                              : Text.oe674 (.text:xdc_runtime_Text_xprintf__I)
                  c3090120    00000080     ti.board.ae674 : lcdkOMAPL138_clock.oe674 (.text:CSL_PSC_setModuleNextState$0)
                  c30901a0    00000080     nettool.ae674 : config.oe674 (.text:CfgEntryGetData)
                  c3090220    00000080                   : dhcpmain.oe674 (.text:DHCPClose)
                  c30902a0    00000080     ti.drv.emac.ae674 : emac_drv_v0.oe674 (.text:EMAC_HwIntTx$0)
                  c3090320    00000080                       : emac.oe674 (.text:EMAC_getStatistics)
                  c30903a0    00000080                       : emac_drv_v0.oe674 (.text:EMAC_get_stats_v0$0)
                  c3090420    00000080     ti.transport.ndk.nimu.ae674 : nimu_eth.oe674 (.text:EmacAllocPkt$0)
                  c30904a0    00000080                                 : nimu_eth.oe674 (.text:EmacStop$0)
                  c3090520    00000080     ti.osal.ae674 : EventCombinerP_tirtos.oe674 (.text:EventCombinerP_getHwi)
                  c30905a0    00000080     stk6_ppp_pppoe.ae674 : exec.oe674 (.text:ExecClose)
                  c3090620    00000080                          : file.oe674 (.text:FdSignalEvent)
                  c30906a0    00000080                          : icmp.oe674 (.text:ICMPChecksum)
                  c3090720    00000080                          : ipfrag.oe674 (.text:IPReasmFree)
                  c30907a0    00000080                          : ipfrag.oe674 (.text:IPReasmTimeout)
                  c3090820    00000080                          : ipv6.oe674 (.text:IPv6CompareAddress)
                  c30908a0    00000080                          : ipv6_frag.oe674 (.text:IPv6ReasmTimeout)
                  c3090920    00000080                          : lli6.oe674 (.text:LLI6Msg)
                  c30909a0    00000080                          : lli.oe674 (.text:LLIGetValidTime)
                  c3090a20    00000080                          : lli.oe674 (.text:LLIMsg)
                  c3090aa0    00000080                          : mld.oe674 (.text:MLDCreateMulticastNode)
                  c3090b20    00000080                          : nimu.oe674 (.text:NIMUShutdown)
                  c3090ba0    00000080                          : node.oe674 (.text:NodeUpdatePL)
                  c3090c20    00000080     nettool.ae674 : ipaddr.oe674 (.text:NtAddNetwork)
                  c3090ca0    00000080                   : ipaddr.oe674 (.text:NtIfIdx2Ip)
                  c3090d20    00000080     ti.drv.emac.ae674 : mdio.oe674 (.text:PHYREG_wait)
                  c3090da0    00000080     stk6_ppp_pppoe.ae674 : nimuppp.oe674 (.text:PPPStop)
                  c3090e20    00000080                          : rawethsock.oe674 (.text:RawEthSockCreatePacket)
                  c3090ea0    00000080                          : rawethsock_pcb.oe674 (.text:RawEthSockPcbDetach)
                  c3090f20    00000080                          : rawethsock.oe674 (.text:RawEthSockShutdown)
                  c3090fa0    00000080                          : raweth.oe674 (.text:RawEthTxPacketNC)
                  c3091020    00000080                          : route6.oe674 (.text:Route6Msg)
                  c30910a0    00000080                          : rtable.oe674 (.text:RouteMsg)
                  c3091120    00000080                          : route.oe674 (.text:RtNew)
                  c30911a0    00000080                          : rtable.oe674 (.text:RtWalkBegin)
                  c3091220    00000080                          : sb6.oe674 (.text:SB6Flush)
                  c30912a0    00000080                          : sb6.oe674 (.text:SB6SetMax)
                  c3091320    00000080                          : sb.oe674 (.text:SBFlush)
                  c30913a0    00000080                          : sb.oe674 (.text:SBFree)
                  c3091420    00000080     os.ae674 : semaphore.oe674 (.text:SemCreateBinary)
                  c30914a0    00000080     stk6_ppp_pppoe.ae674 : sock6.oe674 (.text:Sock6GetName)
                  c3091520    00000080                          : sock6int.oe674 (.text:Sock6ValidateRoute)
                  c30915a0    00000080                          : sock.oe674 (.text:SockDisconnect)
                  c3091620    00000080                          : sockpcb.oe674 (.text:SockPcbDetach)
                  c30916a0    00000080                          : sockpcb.oe674 (.text:SockPcbResolveChain)
                  c3091720    00000080                          : tcp6prot.oe674 (.text:TCP6PrCtlError)
                  c30917a0    00000080                          : tcp6prot.oe674 (.text:TCP6PrDisconnect)
                  c3091820    00000080                          : tcp6prot.oe674 (.text:TCP6PrSendOOB)
                  c30918a0    00000080                          : tcp6time.oe674 (.text:TCP6SetPersist)
                  c3091920    00000080     os.ae674 : task.oe674 (.text:TaskCreate)
                  c30919a0    00000080              : task.oe674 (.text:TaskGetEnv)
                  c3091a20    00000080     stk6_ppp_pppoe.ae674 : tcpprot.oe674 (.text:TcpPrCtlError)
                  c3091aa0    00000080                          : tcpprot.oe674 (.text:TcpPrDisconnect)
                  c3091b20    00000080                          : tcpprot.oe674 (.text:TcpPrSendOOB)
                  c3091ba0    00000080                          : tcptime.oe674 (.text:TcpSetPersist)
                  c3091c20    00000080                          : timer.oe674 (.text:TimerHSTick)
                  c3091ca0    00000080                          : timer.oe674 (.text:TimerListRemove)
                  c3091d20    00000080                          : timer.oe674 (.text:TimerNew)
                  c3091da0    00000080     ti.csl.ae674 : uart.oe674 (.text:UART_charPut_v0)
                  c3091e20    00000080     stk6_ppp_pppoe.ae674 : bind6.oe674 (.text:_Bind6FindByHostInList)
                  c3091ea0    00000080                          : bind6.oe674 (.text:_Bind6FindByNetInList)
                  c3091f20    00000080                          : rtc.oe674 (.text:_RTCSendRtAdv)
                  c3091fa0    00000080     rts6740_elf.lib : trgmsg.obj (.text:__TI_readmsg)
                  c3092020    00000080                     : llshift.obj (.text:__c6xabi_llshl)
                  c30920a0    00000080     sysbios.ae674 : c62_TaskSupport_asm.obj (.text:_ti_sysbios_family_c62_TaskSupport_swap__E)
                  c3092120    00000080     nettool.ae674 : dhcpsm.oe674 (.text:dhcpIPRemove)
                  c30921a0    00000080                   : dhcptags.oe674 (.text:dhcpOptionsClear)
                  c3092220    00000080     os.ae674 : efs.oe674 (.text:efs_filesend)
                  c30922a0    00000080     stk6_ppp_pppoe.ae674 : fileuser.oe674 (.text:fdCloseSession)
                  c3092320    00000080     rts6740_elf.lib : getdevice.obj (.text:finddevice)
                  c30923a0    00000080     nettool.ae674 : httpclie.oe674 (.text:httpGetMimeBits)
                  c3092420    00000080     stk6_ppp_pppoe.ae674 : lcp.oe674 (.text:lcpSendTerm)
                  c30924a0    00000080                          : sock6.oe674 (.text:leaveGroup)
                  c3092520    00000080     os.ae674 : task.oe674 (.text:llExit)
                  c30925a0    00000080     hal_timer_bios.ae674 : lltimer.oe674 (.text:llTimerTick)
                  c3092620    00000080     os.ae674 : mem.oe674 (.text:mmBulkFree)
                  c30926a0    00000080     nettool.ae674 : httpsend.oe674 (.text:strcat)
                  c3092720    00000080     sysbios.ae674 : BIOS.obj (.text:ti_sysbios_family_c64p_Cache_invL1pAll__E)
                  c30927a0    00000080                   : BIOS.obj (.text:ti_sysbios_hal_Hwi_checkStack)
                  c3092820    00000080                   : BIOS.obj (.text:ti_sysbios_hal_Hwi_initStack)
                  c30928a0    00000080                   : BIOS.obj (.text:ti_sysbios_knl_Idle_run__E)
                  c3092920    00000080                   : BIOS.obj (.text:ti_sysbios_knl_Semaphore_pendTimeout__I)
                  c30929a0    00000080                   : BIOS.obj (.text:ti_sysbios_knl_Swi_startup__E)
                  c3092a20    00000080                   : BIOS.obj (.text:ti_sysbios_knl_Task_restore__E)
                  c3092aa0    00000080     rts6740_elf.lib : unlink.obj (.text:unlink)
                  c3092b20    00000080     ti.targets.rts6000.ae674 : Core-label.oe674 (.text:xdc_runtime_Core_assignLabel__I)
                  c3092ba0    00000080                              : LoggerBuf.oe674 (.text:xdc_runtime_LoggerBuf_Instance_init__E)
                  c3092c20    00000080                              : LoggerBuf.oe674 (.text:xdc_runtime_LoggerBuf_Module_startup__E)
                  c3092ca0    00000080                              : LoggerBuf.oe674 (.text:xdc_runtime_LoggerBuf_filterOutEvent__I)
                  c3092d20    00000080                              : SysStd.oe674 (.text:xdc_runtime_SysStd_abort__E)
                  c3092da0    00000080                              : System.oe674 (.text:xdc_runtime_System_atexit__E)
                  c3092e20    00000080                              : System.oe674 (.text:xdc_runtime_System_avprintf__E)
                  c3092ea0    00000080                              : System.oe674 (.text:xdc_runtime_System_processAtExit__E)
                  c3092f20    00000080                              : System.oe674 (.text:xdc_runtime_System_vprintf__E)
                  c3092fa0    00000060     stk6_ppp_pppoe.ae674 : bind6.oe674 (.text:Bind6IF2IPHost)
                  c3093000    00000060                          : bind.oe674 (.text:BindFindByIF)
                  c3093060    00000060                          : bind.oe674 (.text:BindFindByNet)
[...]
c30c1094  ti_sysbios_timers_timer64_Timer_E_cannotSupport__C                  
c30c1098  ti_sysbios_timers_timer64_Timer_Module__diagsEnabled__C             
c30c109c  ti_sysbios_timers_timer64_Timer_Module__diagsIncluded__C            
c30c10a0  ti_sysbios_timers_timer64_Timer_Module__diagsMask__C                
c30c10a4  ti_sysbios_timers_timer64_Timer_anyMaskHigh__C                      
c30c10a8  ti_sysbios_timers_timer64_Timer_anyMask__C                          
c30c10ac  ti_sysbios_timers_timer64_Timer_freqDivisor__C                      
c30c10b0  ti_sysbios_timers_timer64_Timer_numLocalTimers__C                   
c30c10b4  ti_sysbios_timers_timer64_Timer_numTimerDevices__C                  
c30c10b8  xdc_runtime_Assert_E_assertFailed__C                                
c30c10bc  xdc_runtime_Core_A_initializedParams__C                             
c30c10c0  xdc_runtime_Core_Module__diagsEnabled__C                            
c30c10c4  xdc_runtime_Core_Module__diagsIncluded__C                           
c30c10c8  xdc_runtime_Core_Module__diagsMask__C                               
c30c10cc  xdc_runtime_Error_E_memory__C                                       
c30c10d0  xdc_runtime_Error_Module__diagsEnabled__C                           
c30c10d4  xdc_runtime_Error_Module__diagsIncluded__C                          
c30c10d8  xdc_runtime_Error_Module__diagsMask__C                              
c30c10dc  xdc_runtime_Error_Module__loggerFxn8__C                             
c30c10e0  xdc_runtime_Error_Module__loggerObj__C                              
c30c10e4  xdc_runtime_Error_policyFxn__C                                      
c30c10e8  xdc_runtime_Error_policy__C                                         
c30c10ec  xdc_runtime_Error_raiseHook__C                                      
c30c10f0  xdc_runtime_IFilterLogger_Interface__BASE__C                        
c30c10f4  xdc_runtime_IGateProvider_Interface__BASE__C                        
c30c10f8  xdc_runtime_IHeap_Interface__BASE__C                                
c30c10fc  xdc_runtime_ILogger_Interface__BASE__C                              
c30c1100  xdc_runtime_IModule_Interface__BASE__C                              
c30c1104  xdc_runtime_Log_L_error__C                                          
c30c1108  xdc_runtime_LoggerBuf_E_badLevel__C                                 
c30c110c  xdc_runtime_LoggerBuf_Module__gateObj__C                            
c30c1110  xdc_runtime_LoggerBuf_Object__count__C                              
c30c1114  xdc_runtime_LoggerBuf_Object__table__C                              
c30c1118  xdc_runtime_LoggerBuf_statusLogger__C                               
c30c111c  xdc_runtime_Main_Module__diagsEnabled__C                            
c30c1120  xdc_runtime_Main_Module__diagsIncluded__C                           
c30c1124  xdc_runtime_Main_Module__diagsMask__C                               
c30c1128  xdc_runtime_Memory_defaultHeapInstance__C                           
c30c112c  xdc_runtime_Startup_execImpl__C                                     
c30c1130  xdc_runtime_Startup_maxPasses__C                                    
c30c1134  xdc_runtime_Startup_sfxnRts__C                                      
c30c1138  xdc_runtime_Startup_sfxnTab__C                                      
c30c113c  xdc_runtime_Startup_startModsFxn__C                                 
c30c1140  xdc_runtime_SysMin_bufSize__C                                       
c30c1144  xdc_runtime_System_Module__gateObj__C                               
c30c1148  xdc_runtime_System_abortFxn__C                                      
c30c114c  xdc_runtime_System_exitFxn__C                                       
c30c1150  xdc_runtime_System_extendFxn__C                                     
c30c1154  xdc_runtime_System_maxAtexitHandlers__C                             
c30c1158  xdc_runtime_Text_charTab__C                                         
c30c115c  xdc_runtime_Text_nameEmpty__C                                       
c30c1160  xdc_runtime_Text_nameStatic__C                                      
c30c1164  xdc_runtime_Text_nameUnknown__C                                     
c30c1168  xdc_runtime_Text_nodeTab__C                                         
c30c116c  xdc_runtime_Text_visitRopeFxn__C                                    
c30c1170  ti_sysbios_family_c64p_Hwi_Module__id__C                            
c30c1172  ti_sysbios_family_c64p_Hwi_Module__loggerDefined__C                 
c30c1174  ti_sysbios_gates_GateMutex_Module__id__C                            
c30c1176  ti_sysbios_hal_Hwi_Module__id__C                                    
c30c1178  ti_sysbios_heaps_HeapMem_Module__id__C                              
c30c117a  ti_sysbios_knl_Clock_Module__id__C                                  
c30c117c  ti_sysbios_knl_Clock_Module__loggerDefined__C                       
c30c117e  ti_sysbios_knl_Semaphore_Module__id__C                              
c30c1180  ti_sysbios_knl_Semaphore_Module__loggerDefined__C                   
c30c1182  ti_sysbios_knl_Swi_Module__id__C                                    
c30c1184  ti_sysbios_knl_Swi_Module__loggerDefined__C                         
c30c1186  ti_sysbios_knl_Task_Module__id__C                                   
c30c1188  ti_sysbios_knl_Task_Module__loggerDefined__C                        
c30c118a  ti_sysbios_timers_timer64_Timer_Module__id__C                       
c30c118c  ti_sysbios_timers_timer64_Timer_startupNeeded__C                    
c30c118e  ti_sysbios_timers_timer64_Timer_useTimer64pRegMap__C                
c30c1190  xdc_runtime_Core_Module__id__C                                      
c30c1192  xdc_runtime_Error_Module__loggerDefined__C                          
c30c1194  xdc_runtime_Error_maxDepth__C                                       
c30c1196  xdc_runtime_LoggerBuf_Module__id__C                                 
c30c1198  xdc_runtime_LoggerBuf_filterByLevel__C                              
c30c119a  xdc_runtime_Main_Module__id__C                                      
c30c119c  xdc_runtime_Memory_Module__id__C                                    
c30c119e  xdc_runtime_Text_charCnt__C                                         
c30c11a0  xdc_runtime_Text_isLoaded__C                                        
c30c11a2  xdc_runtime_Text_registryModsLastId__C                              
c30c11a4  xdc_runtime_Text_unnamedModsLastId__C                               
c30c11a8  ti_sysbios_knl_Task_Instance_State_0_stack__A                       
c30c25a8  ti_sysbios_knl_Task_Instance_State_1_stack__A                       
c30c45a8  ti_sysbios_knl_Task_Instance_State_2_stack__A                       
c30c5de8  ti_sysbios_family_c64p_EventCombiner_Module__state__V               
c30c61e8  _ftable                                                             
c30c63c8  ti_sysbios_knl_Task_Object__table__V                                
c30c64b8  uartInitCfg                                                         
c30c65a8  _ipcfg                                                              
c30c665c  _lock                                                               
c30c6660  _stream                                                             
c30c6700  ti_sysbios_knl_Swi_Module_State_0_readyQ__A                         
c30c6780  ti_sysbios_knl_Task_Module_State_0_readyQ__A                        
c30c6800  _device                                                             
c30c6878  ti_sysbios_family_c64p_Hwi_Module__state__V                         
c30c68e4  _unlock                                                             
c30c68e8  ti_sysbios_timers_timer64_Timer_Module_State_0_device__A            
c30c6998  ti_sysbios_timers_timer64_Timer_Object__table__V                    
c30c6a36  xdc_runtime_Error_Module__state__V                                  
c30c6a38  ti_sysbios_knl_Task_Module__state__V                                
c30c6a7c  __TI_ft_end                                                         
c30c6c00  ti_sysbios_gates_GateMutex_Object__table__V                         
c30c6c74  __errno                                                             
c30c6c74  errno                                                               
c30c6cac  ti_sysbios_family_c64p_Exception_Module__state__V                   
c30c6cdc  ti_sysbios_family_c64p_Cache_Module__state__V                       
c30c6ce0  ti_sysbios_knl_Swi_Object__table__V                                 
c30c6d10  gOsal_HwAttrs                                                       
c30c6d3c  ti_sysbios_knl_Clock_Module__state__V                               
c30c6d68  _oscfg                                                              
c30c6d90  ti_sysbios_BIOS_Module__state__V                                    
c30c6db4  ti_sysbios_family_c64p_primus_TimerSupport_Module__state__V         
c30c6db8  xdc_runtime_LoggerBuf_Object__table__V                              
c30c6ddc  ti_sysbios_heaps_HeapBuf_Module__state__V                           
c30c6de0  EMACInitCfg                                                         
c30c6e20  pstrMsgName                                                         
c30c6e40  ti_sysbios_timers_timer64_Timer_Module_State_0_gctrl__A             
c30c6e60  ti_sysbios_timers_timer64_Timer_Module_State_0_handles__A           
c30c6e80  ti_sysbios_timers_timer64_Timer_Module_State_0_intFreqs__A          
c30c6ea0  xdc_runtime_Error_IgnoreBlock                                       
c30c6ec0  xdc_runtime_System_Module_State_0_atexitHandlers__A                 
c30c6ee0  ti_ndk_config_Global_Id2Size                                        
c30c6efc  ti_sysbios_knl_Swi_Module__state__V                                 
c30c6f60  ti_sysbios_family_c64p_Hwi_Object__table__V                         
c30c6f78  ti_sysbios_heaps_HeapMem_Object__table__V                           
c30c6f90  ti_sysbios_timers_timer64_Timer_Module__state__V                    
c30c6fbc  xdc_runtime_Memory_Module__state__V                                 
c30c7004  __TI_cleanup_ptr                                                    
c30c7008  __TI_dtors_ptr                                                      
c30c700c  __TI_enable_exit_profile_output                                     
c30c7010  xdc_runtime_SysMin_Module__state__V                                 
c30c7040  NIMUDeviceTable                                                     
c30c7048  ti_sysbios_family_c64p_Hwi_Module__root__V                          
c30c7050  ti_sysbios_family_c64p_primus_TimerSupport_Module_State_0_suspSrc__A
c30c7058  ti_sysbios_gates_GateHwi_Module__root__V                            
c30c7060  ti_sysbios_gates_GateMutex_Module__root__V                          
c30c7068  ti_sysbios_hal_Hwi_Object__table__V                                 
c30c7070  ti_sysbios_heaps_HeapMem_Module__root__V                            
c30c7078  ti_sysbios_knl_Clock_Module__root__V                                
c30c7080  ti_sysbios_knl_Queue_Module__root__V                                
c30c7088  ti_sysbios_knl_Semaphore_Module__root__V                            
c30c7090  ti_sysbios_knl_Task_Module__root__V                                 
c30c7098  xdc_runtime_LoggerBuf_Module__root__V                               
c30c70a0  xdc_runtime_Registry_Module__state__V                               
c30c70a8  xdc_runtime_Startup_Module__state__V                                
c30c70b0  xdc_runtime_System_Module__state__V                                 
c30c70c6  xdc_runtime_LoggerBuf_Module__state__V                              
c30c70d0  ti_sysbios_gates_GateHwi_Object__table__V                           
c30c70d8  ti_sysbios_knl_Task_Module_State_0_idleTask__A                      
c30c70e0  _stack                                                              
c30c80e0  __TI_STACK_END                                                      
c30c8564  __TI_STATIC_BASE                                                    
c30c85b4  _IGMPInDiscard                                                      
c30c85b8  _IGMPInQuery                                                        
c30c85bc  _IGMPInQueryGroup                                                   
c30c85c0  _IGMPInResponse                                                     
c30c85c4  _IGMPOutResponse                                                    
c30c85c8  CONTENT_TYPE_APPLET                                                 
c30c85cc  CONTENT_TYPE_AU                                                     
c30c85d0  CONTENT_TYPE_CSS                                                    
c30c85d4  CONTENT_TYPE_DOC                                                    
c30c85d8  CONTENT_TYPE_GIF                                                    
c30c85dc  CONTENT_TYPE_HTML                                                   
c30c85e0  CONTENT_TYPE_JPG                                                    
c30c85e4  CONTENT_TYPE_MPEG                                                   
c30c85e8  CONTENT_TYPE_PDF                                                    
c30c85ec  CONTENT_TYPE_WAV                                                    
c30c85f0  CONTENT_TYPE_ZIP                                                    
c30c85f4  CONTENT_TYPE                                                        
c30c85f8  CONTENT_LENGTH                                                      
c30c85fc  CRLF                                                                
c30c8600  DEFAULT_NAME                                                        
c30c8604  HTTP_VER                                                            
c30c8608  SPACE                                                               
c30c860c  PITCount                                                            
c30c8610  PITUsed                                                             
c30c8614  PITHigh                                                             
c30c8630  VerStr                                                              
c30c8634  HostName                                                            
c30c8638  LocalIPAddr                                                         
c30c863c  LocalIPMask                                                         
c30c8640  GatewayIP                                                           
c30c8644  DomainName                                                          
c30c8648  DNSServer                                                           
c30c8684  gOsalSemAllocCnt                                                    
c30c8688  gOsalSemPeak                                                        
c30c868c  gOsalTimerAllocCnt                                                  
c30c8690  gOsalTimerPeak                                                      
c30c8694  gOsalHwiAllocCnt                                                    
c30c8698  gOsalHwiPeak                                                        
c30c86d8  _IGMPForceVersion1                                                  
c30c86fc  _ICMPInErrors                                                       
c30c8700  _ICMPOutErrors                                                      
c30c8704  _IPExecuting                                                        
c30c8714  gFragQList                                                          
c30c8734  tcp_iss                                                             
c30c8738  ptTimeFirst                                                         
c30c873c  pt6TimeFirst                                                        
c30c8740  tcp6_iss                                                            
c30c875c  httpErrorResponseHook                                               
c30c8768  _IPReasmPtr                                                         
c30c8774  gMLDNodeList                                                        
c30c878c  IPV6_MAX_MULTICAST_SOLICIT                                          
c30c8790  IPV6_MAX_UNICAST_SOLICIT                                            
c30c8794  IPV6_RETRANS_TIME                                                   
c30c8798  IPV6_DELAY_FIRST_PROBE_TIME                                         
c30c879c  IPV6_REACHABLE_TIME                                                 
c30c87a0  IPV6_MAX_RTR_SOLICITATION_DELAY                                     
c30c87a4  IPV6_RTR_SOLICITATION_INTERVAL                                      
c30c87a8  IPV6_MAX_RTR_SOLICITATIONS                                          
c30c87ac  INFINITE_LT                                                         
c30c87b0  ti_ndk_config_Global_rawPageSize                                    
c30c87b4  ti_ndk_config_Global_rawPageCount                                   
c30c87b8  ti_ndk_config_Global_smallest                                       
c30c87bc  ti_ndk_config_Global_largest                                        
c30c87c0  ti_ndk_config_Global_numFrameBuf                                    
c30c87c4  ti_ndk_config_Global_sizeFrameBuf                                   
c30c8800  ti_sysbios_family_c64p_Hwi0                                         
c30c8800  ti_sysbios_family_c64p_Hwi_int0                                     
c30c8820  ti_sysbios_family_c64p_Hwi_int1                                     
c30c8840  ti_sysbios_family_c64p_Hwi_int2                                     
c30c8860  ti_sysbios_family_c64p_Hwi_int3                                     
c30c8880  ti_sysbios_family_c64p_Hwi_int4                                     
c30c88a0  ti_sysbios_family_c64p_Hwi_int5                                     
c30c88c0  ti_sysbios_family_c64p_Hwi_int6                                     
c30c88e0  ti_sysbios_family_c64p_Hwi_int7                                     
c30c8900  ti_sysbios_family_c64p_Hwi_int8                                     
c30c8920  ti_sysbios_family_c64p_Hwi_int9                                     
c30c8940  ti_sysbios_family_c64p_Hwi_int10                                    
c30c8960  ti_sysbios_family_c64p_Hwi_int11                                    
c30c8980  ti_sysbios_family_c64p_Hwi_int12                                    
c30c89a0  ti_sysbios_family_c64p_Hwi_int13                                    
c30c89c0  ti_sysbios_family_c64p_Hwi_int14                                    
c30c89e0  ti_sysbios_family_c64p_Hwi_int15                                    
c30c8a00  emac_comm_dev0                                                      
c30c8b80  emac_comm_pcb0                                                      
c30c8b98  __CIOBUF_                                                           
c30c9a94  __TI_Handler_Table_Base                                             
c30c9a9c  __TI_Handler_Table_Limit                                            
c30c9aa0  __TI_CINIT_Base                                                     
c30c9ae8  __TI_CINIT_Limit                                                    
ffffffff  __TI_pprof_out_hndl                                                 
ffffffff  __TI_prof_data_size                                                 
ffffffff  __TI_prof_data_start                                                
ffffffff  __binit__                                                           
ffffffff  __c_args__                                                          
ffffffff  binit                                                               
UNDEFED   __TI_INITARRAY_Base                                                 
UNDEFED   __TI_INITARRAY_Limit                                                
UNDEFED   __TI_TLS_INIT_Base                                                  
UNDEFED   __TI_TLS_INIT_Limit                                                 

[1502 symbols]
